// Vitest Snapshot v1

exports[`test right 1`] = `[Function]`;
